// Jest Snapshot v1, https://goo.gl/fbAQLP

exports[`Given FetchData Component Check FetchData snapshot 1`] = `
<ListGroup>
  <div>
    Data Not Found
  </div>
</ListGroup>
`;
