// Jest Snapshot v1, https://goo.gl/fbAQLP

exports[`Given Sign Up Sign Up Form Should render properly 1`] = `
<Card
  body={false}
>
  <CardBody>
    <CardHeader>
      Sign Up
    </CardHeader>
    <Form
      inline={false}
    >
      <FormGroup
        className="mb-3"
        controlId="fullName"
      >
        <FormLabel
          column={false}
          srOnly={false}
        >
          Full Name
        </FormLabel>
        <input
          className="form-control"
          name="fullName"
          onChange={[Function]}
          placeholder="Full Name"
          type="fullName"
          value=""
        />
      </FormGroup>
      <FormGroup
        className="mb-3"
        controlId="email"
      >
        <FormLabel
          column={false}
          srOnly={false}
        >
          Email
        </FormLabel>
        <input
          className="form-control"
          name="email"
          onChange={[Function]}
          placeholder="Email"
          type="email"
          value=""
        />
      </FormGroup>
      <FormGroup
        className="mb-3"
        controlId="phone"
      >
        <FormLabel
          column={false}
          srOnly={false}
        >
          Phone Number
        </FormLabel>
        <input
          className="form-control"
          name="phone"
          onChange={[Function]}
          placeholder="Phone Number"
          type="phone"
          value=""
        />
      </FormGroup>
      <FormGroup
        className="mb-3"
        controlId="password"
      >
        <FormLabel
          column={false}
          srOnly={false}
        >
          Password
        </FormLabel>
        <input
          className="form-control"
          name="password"
          onChange={[Function]}
          placeholder="Password"
          type="password"
          value=""
        />
      </FormGroup>
      <Button
        active={false}
        className="fullWidth"
        disabled={false}
        name="submit"
        onClick={[Function]}
        type="submit"
        variant="info"
      >
        Sign Up
      </Button>
    </Form>
  </CardBody>
</Card>
`;
