// Jest Snapshot v1, https://goo.gl/fbAQLP

exports[`Given App component save snapshot 1`] = `
<div>
  <Nav />
  <LandingPage />
</div>
`;
